15:49:52 **** Incremental Build of configuration Debug for project pwm_demo ****
make all 
'Building file: ../application/main.c'
'Invoking: GNU RISC-V Cross C Compiler'
riscv-nuclei-elf-gcc -march=rv32imac -mabi=ilp32 -mcmodel=medany -mno-save-restore -O0 -ffunction-sections -fdata-sections -fno-common  -g -DDOWNLOAD_MODE=DOWNLOAD_MODE_WORK3 -I"D:\A_SF1\SF1_PWM\riscv_project\pwm_demo\sf1_sdk\SoC\anlogic\Board\sf1_eval\Include" -I"D:\A_SF1\SF1_PWM\riscv_project\pwm_demo\application\Device" -I"D:\A_SF1\SF1_PWM\riscv_project\pwm_demo\application" -I"D:\A_SF1\SF1_PWM\riscv_project\pwm_demo\sf1_sdk\NMSIS\Core\Include" -I"D:\A_SF1\SF1_PWM\riscv_project\pwm_demo\sf1_sdk\SoC\anlogic\Common\Include" -std=gnu11 -MMD -MP -MF"application/main.d" -MT"application/main.o" -c -o "application/main.o" "../application/main.c"
'Finished building: ../application/main.c'
' '
'Building target: pwm_demo.elf'
'Invoking: GNU RISC-V Cross C++ Linker'
riscv-nuclei-elf-g++ -march=rv32imac -mabi=ilp32 -mcmodel=medany -mno-save-restore -O0 -ffunction-sections -fdata-sections -fno-common  -g -T "D:\A_SF1\SF1_PWM\riscv_project\pwm_demo\sf1_sdk\SoC\anlogic\Board\sf1_eval\Source\GCC\gcc_anlogic_work3.ld" -nostartfiles -Xlinker --gc-sections -Wl,-Map,"pwm_demo.map" --specs=nano.specs --specs=nosys.specs -u _isatty -u _write -u _sbrk -u _read -u _close -u _fstat -u _lseek -o "pwm_demo.elf"  ./sf1_sdk/SoC/anlogic/Common/Source/Stubs/close.o ./sf1_sdk/SoC/anlogic/Common/Source/Stubs/fstat.o ./sf1_sdk/SoC/anlogic/Common/Source/Stubs/gettimeofday.o ./sf1_sdk/SoC/anlogic/Common/Source/Stubs/isatty.o ./sf1_sdk/SoC/anlogic/Common/Source/Stubs/lseek.o ./sf1_sdk/SoC/anlogic/Common/Source/Stubs/read.o ./sf1_sdk/SoC/anlogic/Common/Source/Stubs/sbrk.o ./sf1_sdk/SoC/anlogic/Common/Source/Stubs/write.o  ./sf1_sdk/SoC/anlogic/Common/Source/GCC/intexc_anlogic.o ./sf1_sdk/SoC/anlogic/Common/Source/GCC/startup_anlogic.o  ./sf1_sdk/SoC/anlogic/Common/Source/Drivers/anl_printf.o ./sf1_sdk/SoC/anlogic/Common/Source/Drivers/nuclei_gpio.o ./sf1_sdk/SoC/anlogic/Common/Source/Drivers/nuclei_i2c.o ./sf1_sdk/SoC/anlogic/Common/Source/Drivers/nuclei_misc.o ./sf1_sdk/SoC/anlogic/Common/Source/Drivers/nuclei_qspi.o ./sf1_sdk/SoC/anlogic/Common/Source/Drivers/nuclei_uart.o  ./sf1_sdk/SoC/anlogic/Common/Source/nuclei_common.o ./sf1_sdk/SoC/anlogic/Common/Source/system_nuclei.o  ./sf1_sdk/SoC/anlogic/Board/sf1_eval/Source/nuclei_eval.o  ./application/Device/control.o ./application/Device/k210.o ./application/Device/pwm.o  ./application/main.o   -lstdc++
'Finished building target: pwm_demo.elf'
' '
'Invoking: GNU RISC-V Cross Create Flash Image'
riscv-nuclei-elf-objcopy -O ihex "pwm_demo.elf"  "pwm_demo.hex"
'Finished building: pwm_demo.hex'
' '
'Invoking: GNU RISC-V Cross Print Size'
riscv-nuclei-elf-size --format=berkeley "pwm_demo.elf"
   text	   data	    bss	    dec	    hex	filename
  11380	    128	   3312	  14820	   39e4	pwm_demo.elf
'Finished building: pwm_demo.siz'
' '
